// Jest Snapshot v1, https://goo.gl/fbAQLP

exports[`should render edit expense page 1`] = `
<div>
  <div
    className="page-header"
  >
    <div
      className="container"
    >
      <h1
        className="page-header__text"
      >
        Edit Expense
      </h1>
    </div>
  </div>
  <div
    className="container"
  >
    <ExpenseForm
      expense={
        Object {
          "amount": 295,
          "createdAt": 345600000,
          "description": "Chips",
          "id": "3",
          "note": "",
        }
      }
      onSubmit={[Function]}
    />
    <button
      className="button button--dark button__hover"
      onClick={[Function]}
    >
      -Delete Expense
    </button>
  </div>
</div>
`;
