// Jest Snapshot v1, https://goo.gl/fbAQLP

exports[`should render login page 1`] = `
<div
  className="box-layout"
>
  <div
    className="box-layout__inner-box"
  >
    <h1
      className="inner-box__header"
    >
      <span>
        X
      </span>
      pend
    </h1>
    <p
      className="inner-box__text"
    >
      Start managing your expenses by signing in!
    </p>
    <button
      className="button button__hover inner-box__button"
    >
      Sign In With 
      <span>
        Google
      </span>
    </button>
    <p
      className="inner-box__github"
    >
      Xpend @ github.com/Brooks-jr/Xpend-React-App
    </p>
  </div>
</div>
`;
